Renesas Optimizing Linker (W3.02.00 )             04-Mar-2020 17:16:31

*** Options ***

-MAKEUD=DefaultBuild\RL78_G13_Tutorial_Analysis_CC.lk.ud
-subcommand=DefaultBuild\RL78_G13_Tutorial_Analysis_CC.clnk
-Input=DefaultBuild\cstart.obj
-Input=DefaultBuild\stkinit.obj
-Input=DefaultBuild\r_main.obj
-Input=DefaultBuild\r_systeminit.obj
-Input=DefaultBuild\r_cg_cgc.obj
-Input=DefaultBuild\r_cg_cgc_user.obj
-Input=DefaultBuild\r_cg_port.obj
-Input=DefaultBuild\r_cg_port_user.obj
-Input=DefaultBuild\r_cg_timer.obj
-Input=DefaultBuild\r_cg_timer_user.obj
-SECURITY_ID=00000000000000000000
-DEVICE=C:\Program Files (x86)\Renesas Electronics\CS+\CC\Device\RL78\Devicefile\DR5F100LE.DVF
-DEBug
-NOCOmpress
-NOOPtimize
-OUtput=DefaultBuild\RL78_G13_Tutorial_Analysis_CC.abs
-LIBrary=C:\Program Files (x86)\Renesas Electronics\CS+\CC\CC-RL\V1.09.00\lib\rl78cm4s.lib
-LIBrary=C:\Program Files (x86)\Renesas Electronics\CS+\CC\CC-RL\V1.09.00\lib\malloc_n.lib
-LIBrary=C:\Program Files (x86)\Renesas Electronics\CS+\CC\CC-RL\V1.09.00\lib\rl78cm4r.lib
-OCDBG=04
-DEBUG_MONITOR
-USER_OPT_BYTE=EFFFE8
-LISt=DefaultBuild\RL78_G13_Tutorial_Analysis_CC.map
-AUTO_SECTION_LAYOUT
-ROm=.data=.dataR
-ROm=.sdata=.sdataR
-NOMessage
-MEMory=High
-NOLOgo
-end

*** Error information ***

*** Mapping List ***

SECTION                            START      END         SIZE   ALIGN
.vect
                                  00000000  0000007f        80   0
.constf
                                  00000080  00000080         0   2
.data
                                  00000080  00000080         0   2
.sdata
                                  00000080  00000080         0   2
.option_byte
                                  000000c0  000000c3         4   1
.security_id
                                  000000c4  000000cd         a   1
.RLIB
                                  000000c4  000000c4         0   1
.SLIB
                                  000000c4  000000c4         0   1
.monitor1
                                  000000ce  000000d7         a   1
.text
                                  000000d8  0000016e        97   1
.textf
                                  0000016f  00000319       1ab   1
.const
                                  00002000  00002000         0   2
.monitor2
                                  0000fe00  0000ffff       200   1
.bss
                                  000fef00  000fef09         a   2
.dataR
                                  000fef0a  000fef0a         0   2
.sbss
                                  000ffe20  000ffe20         0   2
.sdataR
                                  000ffe20  000ffe20         0   2
